{
  "version": "1.5.0",
  "plugins_used": [
    {
      "name": "ArtifactoryDetector"
    },
    {
      "name": "AWSKeyDetector"
    },
    {
      "name": "AzureStorageKeyDetector"
    },
    {
      "name": "Base64HighEntropyString",
      "limit": 4.5
    },
    {
      "name": "BasicAuthDetector"
    },
    {
      "name": "CloudantDetector"
    },
    {
      "name": "DiscordBotTokenDetector"
    },
    {
      "name": "GitHubTokenDetector"
    },
    {
      "name": "GitLabTokenDetector"
    },
    {
      "name": "HexHighEntropyString",
      "limit": 3.0
    },
    {
      "name": "IbmCloudIamDetector"
    },
    {
      "name": "IbmCosHmacDetector"
    },
    {
      "name": "IPPublicDetector"
    },
    {
      "name": "JwtTokenDetector"
    },
    {
      "name": "KeywordDetector",
      "keyword_exclude": ""
    },
    {
      "name": "MailchimpDetector"
    },
    {
      "name": "NpmDetector"
    },
    {
      "name": "OpenAIDetector"
    },
    {
      "name": "PrivateKeyDetector"
    },
    {
      "name": "PypiTokenDetector"
    },
    {
      "name": "SendGridDetector"
    },
    {
      "name": "SlackDetector"
    },
    {
      "name": "SoftlayerDetector"
    },
    {
      "name": "SquareOAuthDetector"
    },
    {
      "name": "StripeDetector"
    },
    {
      "name": "TelegramBotTokenDetector"
    },
    {
      "name": "TwilioKeyDetector"
    }
  ],
  "filters_used": [
    {
      "path": "detect_secrets.filters.allowlist.is_line_allowlisted"
    },
    {
      "path": "detect_secrets.filters.common.is_baseline_file",
      "filename": ".secrets.baseline"
    },
    {
      "path": "detect_secrets.filters.common.is_ignored_due_to_verification_policies",
      "min_level": 2
    },
    {
      "path": "detect_secrets.filters.heuristic.is_indirect_reference"
    },
    {
      "path": "detect_secrets.filters.heuristic.is_likely_id_string"
    },
    {
      "path": "detect_secrets.filters.heuristic.is_lock_file"
    },
    {
      "path": "detect_secrets.filters.heuristic.is_not_alphanumeric_string"
    },
    {
      "path": "detect_secrets.filters.heuristic.is_potential_uuid"
    },
    {
      "path": "detect_secrets.filters.heuristic.is_prefixed_with_dollar_sign"
    },
    {
      "path": "detect_secrets.filters.heuristic.is_sequential_string"
    },
    {
      "path": "detect_secrets.filters.heuristic.is_swagger_file"
    },
    {
      "path": "detect_secrets.filters.heuristic.is_templated_secret"
    }
  ],
  "results": {
    "CLAUDE.md": [
      {
        "type": "Secret Keyword",
        "filename": "CLAUDE.md",
        "hashed_secret": "cd93085991c0bf3b8908b0aab2d0d63b7c2d7afa",
        "is_verified": false,
        "line_number": 210
      }
    ],
    "docs/superpowers/plans/2026-05-07-backend-drone-rtmp-field-reports.md": [
      {
        "type": "Secret Keyword",
        "filename": "docs/superpowers/plans/2026-05-07-backend-drone-rtmp-field-reports.md",
        "hashed_secret": "cd93085991c0bf3b8908b0aab2d0d63b7c2d7afa",
        "is_verified": false,
        "line_number": 1537
      }
    ],
    "frontend/.next/server/server-reference-manifest.json": [
      {
        "type": "Base64 High Entropy String",
        "filename": "frontend/.next/server/server-reference-manifest.json",
        "hashed_secret": "cc48598e73987a7c444d702a597dcd0f5c9c3a6a",
        "is_verified": false,
        "line_number": 4
      }
    ],
    "frontend/src/app/login/page.tsx": [
      {
        "type": "Secret Keyword",
        "filename": "frontend/src/app/login/page.tsx",
        "hashed_secret": "ccc99a963c4cfd5ff6a518695aaccfa291452d21",
        "is_verified": false,
        "line_number": 64
      },
      {
        "type": "Secret Keyword",
        "filename": "frontend/src/app/login/page.tsx",
        "hashed_secret": "d7d30f32983ab90baf75f9034e2717e9e5c3fec4",
        "is_verified": false,
        "line_number": 65
      }
    ],
    "frontend/src/app/register/page.tsx": [
      {
        "type": "Secret Keyword",
        "filename": "frontend/src/app/register/page.tsx",
        "hashed_secret": "d4c5cdf17c6b6a46dd939ad3f9304e726e60384f",
        "is_verified": false,
        "line_number": 33
      }
    ]
  },
  "generated_at": "2026-05-24T22:40:20Z"
}
